# MySQL表结构设计
## create table
```
CREATE [TEMPORARY] TABLE [IF NOT EXISTS] tbl_name
    (create_definition,...)
    [table_options]
    [partition_options]

CREATE [TEMPORARY] TABLE [IF NOT EXISTS] tbl_name
    [(create_definition,...)]
    [table_options]
    [partition_options]
    [IGNORE | REPLACE]
    [AS] query_expression

CREATE [TEMPORARY] TABLE [IF NOT EXISTS] tbl_name
    { LIKE old_tbl_name | (LIKE old_tbl_name) }

create_definition:
    col_name column_definition
  | [CONSTRAINT [symbol]] PRIMARY KEY [index_type] (index_col_name,...)
      [index_option] ...
  | {INDEX|KEY} [index_name] [index_type] (index_col_name,...)
      [index_option] ...
  | [CONSTRAINT [symbol]] UNIQUE [INDEX|KEY]
      [index_name] [index_type] (index_col_name,...)
      [index_option] ...
  | {FULLTEXT|SPATIAL} [INDEX|KEY] [index_name] (index_col_name,...)
      [index_option] ...
  | [CONSTRAINT [symbol]] FOREIGN KEY
      [index_name] (index_col_name,...) reference_definition
  | CHECK (expr)

column_definition:
    data_type [NOT NULL | NULL] [DEFAULT default_value]
      [AUTO_INCREMENT] [UNIQUE [KEY] | [PRIMARY] KEY]
      [COMMENT 'string']
      [COLUMN_FORMAT {FIXED|DYNAMIC|DEFAULT}]
      [STORAGE {DISK|MEMORY|DEFAULT}]
      [reference_definition]
  | data_type [GENERATED ALWAYS] AS (expression)
      [VIRTUAL | STORED] [UNIQUE [KEY]] [COMMENT comment]
      [NOT NULL | NULL] [[PRIMARY] KEY]

data_type:
    BIT[(length)]
  | TINYINT[(length)] [UNSIGNED] [ZEROFILL]
  | SMALLINT[(length)] [UNSIGNED] [ZEROFILL]
  | MEDIUMINT[(length)] [UNSIGNED] [ZEROFILL]
  | INT[(length)] [UNSIGNED] [ZEROFILL]
  | INTEGER[(length)] [UNSIGNED] [ZEROFILL]
  | BIGINT[(length)] [UNSIGNED] [ZEROFILL]
  | REAL[(length,decimals)] [UNSIGNED] [ZEROFILL]
  | DOUBLE[(length,decimals)] [UNSIGNED] [ZEROFILL]
  | FLOAT[(length,decimals)] [UNSIGNED] [ZEROFILL]
  | DECIMAL[(length[,decimals])] [UNSIGNED] [ZEROFILL]
  | NUMERIC[(length[,decimals])] [UNSIGNED] [ZEROFILL]
  | DATE
  | TIME[(fsp)]
  | TIMESTAMP[(fsp)]
  | DATETIME[(fsp)]
  | YEAR
  | CHAR[(length)] [BINARY]
      [CHARACTER SET charset_name] [COLLATE collation_name]
  | VARCHAR(length) [BINARY]
      [CHARACTER SET charset_name] [COLLATE collation_name]
  | BINARY[(length)]
  | VARBINARY(length)
  | TINYBLOB
  | BLOB
  | MEDIUMBLOB
  | LONGBLOB
  | TINYTEXT [BINARY]
      [CHARACTER SET charset_name] [COLLATE collation_name]
  | TEXT [BINARY]
      [CHARACTER SET charset_name] [COLLATE collation_name]
  | MEDIUMTEXT [BINARY]
      [CHARACTER SET charset_name] [COLLATE collation_name]
  | LONGTEXT [BINARY]
      [CHARACTER SET charset_name] [COLLATE collation_name]
  | ENUM(value1,value2,value3,...)
      [CHARACTER SET charset_name] [COLLATE collation_name]
  | SET(value1,value2,value3,...)
      [CHARACTER SET charset_name] [COLLATE collation_name]
  | JSON
  | spatial_type

index_col_name:
    col_name [(length)] [ASC | DESC]

index_type:
    USING {BTREE | HASH}

index_option:
    KEY_BLOCK_SIZE [=] value
  | index_type
  | WITH PARSER parser_name
  | COMMENT 'string'

reference_definition:
    REFERENCES tbl_name (index_col_name,...)
      [MATCH FULL | MATCH PARTIAL | MATCH SIMPLE]
      [ON DELETE reference_option]
      [ON UPDATE reference_option]

reference_option:
    RESTRICT | CASCADE | SET NULL | NO ACTION | SET DEFAULT

table_options:
    table_option [[,] table_option] ...

table_option:
    AUTO_INCREMENT [=] value
  | AVG_ROW_LENGTH [=] value
  | [DEFAULT] CHARACTER SET [=] charset_name
  | CHECKSUM [=] {0 | 1}
  | [DEFAULT] COLLATE [=] collation_name
  | COMMENT [=] 'string'
  | COMPRESSION [=] {'ZLIB'|'LZ4'|'NONE'}
  | CONNECTION [=] 'connect_string'
  | {DATA|INDEX} DIRECTORY [=] 'absolute path to directory'
  | DELAY_KEY_WRITE [=] {0 | 1}
  | ENCRYPTION [=] {'Y' | 'N'}
  | ENGINE [=] engine_name
  | INSERT_METHOD [=] { NO | FIRST | LAST }
  | KEY_BLOCK_SIZE [=] value
  | MAX_ROWS [=] value
  | MIN_ROWS [=] value
  | PACK_KEYS [=] {0 | 1 | DEFAULT}
  | PASSWORD [=] 'string'
  | ROW_FORMAT [=] {DEFAULT|DYNAMIC|FIXED|COMPRESSED|REDUNDANT|COMPACT}
  | STATS_AUTO_RECALC [=] {DEFAULT|0|1}
  | STATS_PERSISTENT [=] {DEFAULT|0|1}
  | STATS_SAMPLE_PAGES [=] value
  | TABLESPACE tablespace_name [STORAGE {DISK|MEMORY|DEFAULT}]
  | UNION [=] (tbl_name[,tbl_name]...)

partition_options:
    PARTITION BY
        { [LINEAR] HASH(expr)
        | [LINEAR] KEY [ALGORITHM={1|2}] (column_list)
        | RANGE{(expr) | COLUMNS(column_list)}
        | LIST{(expr) | COLUMNS(column_list)} }
    [PARTITIONS num]
    [SUBPARTITION BY
        { [LINEAR] HASH(expr)
        | [LINEAR] KEY [ALGORITHM={1|2}] (column_list) }
      [SUBPARTITIONS num]
    ]
    [(partition_definition [, partition_definition] ...)]

partition_definition:
    PARTITION partition_name
        [VALUES
            {LESS THAN {(expr | value_list) | MAXVALUE}
            |
            IN (value_list)}]
        [[STORAGE] ENGINE [=] engine_name]
        [COMMENT [=] 'comment_text' ]
        [DATA DIRECTORY [=] 'data_dir']
        [INDEX DIRECTORY [=] 'index_dir']
        [MAX_ROWS [=] max_number_of_rows]
        [MIN_ROWS [=] min_number_of_rows]
        [TABLESPACE [=] tablespace_name]
        [(subpartition_definition [, subpartition_definition] ...)]

subpartition_definition:
    SUBPARTITION logical_name
        [[STORAGE] ENGINE [=] engine_name]
        [COMMENT [=] 'comment_text' ]
        [DATA DIRECTORY [=] 'data_dir']
        [INDEX DIRECTORY [=] 'index_dir']
        [MAX_ROWS [=] max_number_of_rows]
        [MIN_ROWS [=] min_number_of_rows]
        [TABLESPACE [=] tablespace_name]

query_expression:
    SELECT ...   (Some valid select or union statement)


```

### 元数据
什么是元数据？描述数据的数据。

```
mysql> use information_schema;

//sys.format_bytes  
mysql> select table_schema,table_name,engine,sys.format_bytes(DATA_LENGTH) as DATA_LENGTH  from tables where ENGINE = 'INNODB'  and TABLE_SCHEMA not in ('information_schema','sys','performance_schema');
+--------------+---------------------------+--------+-------------+
| table_schema | table_name                | engine | DATA_LENGTH |
+--------------+---------------------------+--------+-------------+
| dbt3         | customer                  | InnoDB | 27.56 MiB   |
| dbt3         | lineitem                  | InnoDB | 877.00 MiB  |
| dbt3         | nation                    | InnoDB | 16.00 KiB   |
| dbt3         | orders                    | InnoDB | 189.70 MiB  |
| dbt3         | part                      | InnoDB | 31.56 MiB   |
| dbt3         | partsupp                  | InnoDB | 125.67 MiB  |
| dbt3         | region                    | InnoDB | 16.00 KiB   |
| dbt3         | supplier                  | InnoDB | 2.52 MiB    |
| dbt3         | time_statistics           | InnoDB | 16.00 KiB   |
| employees    | customer                  | InnoDB | 28.56 MiB   |
| employees    | departments               | InnoDB | 16.00 KiB   |
| employees    | dept_emp                  | InnoDB | 11.52 MiB   |
| employees    | dept_manager              | InnoDB | 16.00 KiB   |
| employees    | employees                 | InnoDB | 14.52 MiB   |
| employees    | lineitem                  | InnoDB | 113.67 MiB  |
| employees    | salaries                  | InnoDB | 91.62 MiB   |
| employees    | titles                    | InnoDB | 19.56 MiB   |
| mysql        | engine_cost               | InnoDB | 16.00 KiB   |
| mysql        | gtid_executed             | InnoDB | 16.00 KiB   |
| mysql        | help_category             | InnoDB | 16.00 KiB   |
| mysql        | help_keyword              | InnoDB | 96.00 KiB   |
| mysql        | help_relation             | InnoDB | 80.00 KiB   |
| mysql        | help_topic                | InnoDB | 1.52 MiB    |
| mysql        | innodb_index_stats        | InnoDB | 48.00 KiB   |
| mysql        | innodb_table_stats        | InnoDB | 16.00 KiB   |
| mysql        | plugin                    | InnoDB | 16.00 KiB   |
| mysql        | server_cost               | InnoDB | 16.00 KiB   |
| mysql        | servers                   | InnoDB | 16.00 KiB   |
| mysql        | slave_master_info         | InnoDB | 16.00 KiB   |
| mysql        | slave_relay_log_info      | InnoDB | 16.00 KiB   |
| mysql        | slave_worker_info         | InnoDB | 16.00 KiB   |
| mysql        | time_zone                 | InnoDB | 16.00 KiB   |
| mysql        | time_zone_leap_second     | InnoDB | 16.00 KiB   |
| mysql        | time_zone_name            | InnoDB | 16.00 KiB   |
| mysql        | time_zone_transition      | InnoDB | 16.00 KiB   |
| mysql        | time_zone_transition_type | InnoDB | 16.00 KiB   |
| test         | a                         | InnoDB | 16.00 KiB   |
| test         | t                         | InnoDB | 16.00 KiB   |
+--------------+---------------------------+--------+-------------+
38 rows in set (0.01 sec)

mysql>

// 列出库中用户的表不是utf8mb4字符集的标 以及字段。
mysql> select concat(table_schema,'.',table_name) as name, group_concat(column_name),character_set_name from information_schema.columns where data_type in ('char','varchar','longtext','text','mediumtext') and character_set_name <> 'utf8mb4' and table_schema not in ('mysql','performance_schema','information_schema','sys') group by name, character_set_name;
+----------------------+---------------------------------------------------------------+--------------------+
| name                 | group_concat(column_name)                                     | character_set_name |
+----------------------+---------------------------------------------------------------+--------------------+
| dbt3.customer        | c_name,c_address,c_phone,c_mktsegment,c_comment               | latin1             |
| dbt3.lineitem        | l_returnflag,l_linestatus,l_shipinstruct,l_shipmode,l_comment | latin1             |
| dbt3.nation          | n_name,n_comment                                              | latin1             |
| dbt3.orders          | o_orderstatus,o_orderpriority,o_clerk,o_comment               | latin1             |
| dbt3.part            | p_name,p_mfgr,p_brand,p_type,p_container,p_comment            | latin1             |
| dbt3.partsupp        | ps_comment                                                    | latin1             |
| dbt3.region          | r_name,r_comment                                              | latin1             |
| dbt3.supplier        | s_name,s_address,s_phone,s_comment                            | latin1             |
| dbt3.time_statistics | task_name                                                     | latin1             |
| employees.customer   | c_name,c_address,c_phone,c_mktsegment,c_comment               | latin1             |
| employees.lineitem   | l_returnflag,l_linestatus,l_shipinstruct,l_shipmode,l_comment | latin1             |
| test.t               | a                                                             | utf8               |
+----------------------+---------------------------------------------------------------+--------------------+
12 rows in set (0.06 sec)


```

## alter table

文档：https://dev.mysql.com/doc/refman/5.7/en/innodb-create-index-overview.html

做alter table之前一定要对照文档里的表格，针对操作考虑对业务的影响。



## 分区表

1. 将一个表或者索引分解成多个更小、更可管理的部分
2. 目前只支持水平分区
3. 局部分区索引，每个分区保存自己的索引和数据
4. 分区列必须是唯一索引的一个组成部分
5. 分区表不是为了提升性能的（相反会稍微影响性能），而是管理

### 分区类型
1. range分区
2. list分区
3. hash分区
4. key分区
5. columns分区

### 分区表的元数据表

```
//分区表的元数据表
mysql> use information_schema;
Database changed
mysql> desc partitions;
+-------------------------------+---------------------+------+-----+---------+-------+
| Field                         | Type                | Null | Key | Default | Extra |
+-------------------------------+---------------------+------+-----+---------+-------+
| TABLE_CATALOG                 | varchar(512)        | NO   |     |         |       |
| TABLE_SCHEMA                  | varchar(64)         | NO   |     |         |       |
| TABLE_NAME                    | varchar(64)         | NO   |     |         |       |
| PARTITION_NAME                | varchar(64)         | YES  |     | NULL    |       |
| SUBPARTITION_NAME             | varchar(64)         | YES  |     | NULL    |       |
| PARTITION_ORDINAL_POSITION    | bigint(21) unsigned | YES  |     | NULL    |       |
| SUBPARTITION_ORDINAL_POSITION | bigint(21) unsigned | YES  |     | NULL    |       |
| PARTITION_METHOD              | varchar(18)         | YES  |     | NULL    |       |
| SUBPARTITION_METHOD           | varchar(12)         | YES  |     | NULL    |       |
| PARTITION_EXPRESSION          | longtext            | YES  |     | NULL    |       |
| SUBPARTITION_EXPRESSION       | longtext            | YES  |     | NULL    |       |
| PARTITION_DESCRIPTION         | longtext            | YES  |     | NULL    |       |
| TABLE_ROWS                    | bigint(21) unsigned | NO   |     | 0       |       |
| AVG_ROW_LENGTH                | bigint(21) unsigned | NO   |     | 0       |       |
| DATA_LENGTH                   | bigint(21) unsigned | NO   |     | 0       |       |
| MAX_DATA_LENGTH               | bigint(21) unsigned | YES  |     | NULL    |       |
| INDEX_LENGTH                  | bigint(21) unsigned | NO   |     | 0       |       |
| DATA_FREE                     | bigint(21) unsigned | NO   |     | 0       |       |
| CREATE_TIME                   | datetime            | YES  |     | NULL    |       |
| UPDATE_TIME                   | datetime            | YES  |     | NULL    |       |
| CHECK_TIME                    | datetime            | YES  |     | NULL    |       |
| CHECKSUM                      | bigint(21) unsigned | YES  |     | NULL    |       |
| PARTITION_COMMENT             | varchar(80)         | NO   |     |         |       |
| NODEGROUP                     | varchar(12)         | NO   |     |         |       |
| TABLESPACE_NAME               | varchar(64)         | YES  |     | NULL    |       |
+-------------------------------+---------------------+------+-----+---------+-------+
25 rows in set (0.00 sec)

```

### 分区详解
```
mysql> CREATE TABLE orders (
    ->     orderid BIGINT AUTO_INCREMENT,
    ->     orderdate DATETIME,
    ->     PRIMARY KEY (orderid)
    -> ) PARTITION BY RANGE COLUMNS (ORDERDATE) (PARTITION p0 VALUES LESS THAN ('2009-01-01') , PARTITION p1 VALUES LESS THAN ('2009-02-01'));
//分区列必须是一个唯一索引的组成部分
ERROR 1503 (HY000): A PRIMARY KEY must include all columns in the table's partitioning function

//如果这样写 PRIMARY KEY (orderid, orderdate) 就不会报错了。
//--------------------------------------------------------------------------

但是：：：：：：：敲黑板！！！！！
PRIMARY KEY (orderid) :   orderid 全局唯一
PRIMARY KEY (orderid, orderdate) :  orderid 在分区表里唯一 但是不能保证全局唯一
那么问题来了，如何做才能保证orderid 全局唯一呢？

//--------------------------------------------------------------------------

mysql> CREATE TABLE orders (
    ->         orderid BIGINT AUTO_INCREMENT,
    ->         orderdate DATETIME,
    ->         PRIMARY KEY (orderid, orderdate)
    ->     ) PARTITION BY RANGE COLUMNS (ORDERDATE) (PARTITION p0 VALUES LESS THAN ('2009-01-01') , PARTITION p1 VALUES LESS THAN ('2009-02-01'));
Query OK, 0 rows affected (0.12 sec)



```
